     Package Version
1        cli   2.5.0
2     crayon   1.4.1
3   ellipsis   0.3.2
4      fansi   0.5.0
5       glue   1.4.2
6  lifecycle   1.0.0
7     pillar   1.6.1
8         R6   2.5.0
9      rlang  0.4.11
10      utf8   1.2.1
11     vctrs   0.3.8
